Analysis & Synthesis report for Clock
Mon Oct 19 12:07:04 2020
Quartus Prime Version 20.1.0 Build 711 06/05/2020 SJ Lite Edition


---------------------
; Table of Contents ;
---------------------
  1. Legal Notice
  2. Analysis & Synthesis Summary
  3. Analysis & Synthesis Settings
  4. Parallel Compilation
  5. Analysis & Synthesis Source Files Read
  6. Analysis & Synthesis Resource Usage Summary
  7. Analysis & Synthesis Resource Utilization by Entity
  8. General Register Statistics
  9. Multiplexer Restructuring Statistics (Restructuring Performed)
 10. Parameter Settings for User Entity Instance: Top-level Entity: |Clock
 11. Parameter Settings for User Entity Instance: processador:processador|UnidadeControle:UC
 12. Parameter Settings for User Entity Instance: processador:processador|memoriaROM:ROM
 13. Parameter Settings for User Entity Instance: processador:processador|registradorGenerico:PC
 14. Parameter Settings for User Entity Instance: processador:processador|somaConstante:inc
 15. Parameter Settings for User Entity Instance: processador:processador|muxGenerico2x1:MUX_PC
 16. Parameter Settings for User Entity Instance: processador:processador|muxGenerico2x1:MUX_Im
 17. Parameter Settings for User Entity Instance: processador:processador|bancoRegistradoresArqRegReg:Registradores
 18. Parameter Settings for User Entity Instance: processador:processador|ULA:ULA
 19. Parameter Settings for User Entity Instance: processador:processador|muxGenerico2x1:MUX_ULA
 20. Parameter Settings for User Entity Instance: memoriaRAM:RAM
 21. Parameter Settings for User Entity Instance: interfaceCHAVES:interfaceChaves
 22. Parameter Settings for User Entity Instance: interfaceBOTOES:interfaceBtn
 23. Parameter Settings for User Entity Instance: interfaceHEX:interfaceHEX
 24. Parameter Settings for User Entity Instance: divisorGenerico_e_Interface:interfaceBaseTempo
 25. Port Connectivity Checks: "divisorGenerico_e_Interface:interfaceBaseTempo"
 26. Port Connectivity Checks: "processador:processador|flipflop:flipflop"
 27. Port Connectivity Checks: "processador:processador|registradorGenerico:PC"
 28. Port Connectivity Checks: "processador:processador"
 29. Post-Synthesis Netlist Statistics for Top Partition
 30. Elapsed Time Per Partition
 31. Analysis & Synthesis Messages



----------------
; Legal Notice ;
----------------
Copyright (C) 2020  Intel Corporation. All rights reserved.
Your use of Intel Corporation's design tools, logic functions 
and other software and tools, and any partner logic 
functions, and any output files from any of the foregoing 
(including device programming or simulation files), and any 
associated documentation or information are expressly subject 
to the terms and conditions of the Intel Program License 
Subscription Agreement, the Intel Quartus Prime License Agreement,
the Intel FPGA IP License Agreement, or other applicable license
agreement, including, without limitation, that your use is for
the sole purpose of programming logic devices manufactured by
Intel and sold by Intel or its authorized distributors.  Please
refer to the applicable agreement for further details, at
https://fpgasoftware.intel.com/eula.



+-------------------------------------------------------------------------------+
; Analysis & Synthesis Summary                                                  ;
+---------------------------------+---------------------------------------------+
; Analysis & Synthesis Status     ; Successful - Mon Oct 19 12:07:04 2020       ;
; Quartus Prime Version           ; 20.1.0 Build 711 06/05/2020 SJ Lite Edition ;
; Revision Name                   ; Clock                                       ;
; Top-level Entity Name           ; Clock                                       ;
; Family                          ; Cyclone V                                   ;
; Logic utilization (in ALMs)     ; N/A                                         ;
; Total registers                 ; 207                                         ;
; Total pins                      ; 112                                         ;
; Total virtual pins              ; 0                                           ;
; Total block memory bits         ; 0                                           ;
; Total DSP Blocks                ; 0                                           ;
; Total HSSI RX PCSs              ; 0                                           ;
; Total HSSI PMA RX Deserializers ; 0                                           ;
; Total HSSI TX PCSs              ; 0                                           ;
; Total HSSI PMA TX Serializers   ; 0                                           ;
; Total PLLs                      ; 0                                           ;
; Total DLLs                      ; 0                                           ;
+---------------------------------+---------------------------------------------+


+---------------------------------------------------------------------------------------------------------------------------+
; Analysis & Synthesis Settings                                                                                             ;
+---------------------------------------------------------------------------------+--------------------+--------------------+
; Option                                                                          ; Setting            ; Default Value      ;
+---------------------------------------------------------------------------------+--------------------+--------------------+
; Device                                                                          ; 5CEBA4F23C7        ;                    ;
; Top-level entity name                                                           ; Clock              ; Clock              ;
; Family name                                                                     ; Cyclone V          ; Cyclone V          ;
; Use smart compilation                                                           ; Off                ; Off                ;
; Enable parallel Assembler and Timing Analyzer during compilation                ; On                 ; On                 ;
; Enable compact report table                                                     ; Off                ; Off                ;
; Restructure Multiplexers                                                        ; Auto               ; Auto               ;
; MLAB Add Timing Constraints For Mixed-Port Feed-Through Mode Setting Don't Care ; Off                ; Off                ;
; Create Debugging Nodes for IP Cores                                             ; Off                ; Off                ;
; Preserve fewer node names                                                       ; On                 ; On                 ;
; Intel FPGA IP Evaluation Mode                                                   ; Enable             ; Enable             ;
; Verilog Version                                                                 ; Verilog_2001       ; Verilog_2001       ;
; VHDL Version                                                                    ; VHDL_1993          ; VHDL_1993          ;
; State Machine Processing                                                        ; Auto               ; Auto               ;
; Safe State Machine                                                              ; Off                ; Off                ;
; Extract Verilog State Machines                                                  ; On                 ; On                 ;
; Extract VHDL State Machines                                                     ; On                 ; On                 ;
; Ignore Verilog initial constructs                                               ; Off                ; Off                ;
; Iteration limit for constant Verilog loops                                      ; 5000               ; 5000               ;
; Iteration limit for non-constant Verilog loops                                  ; 250                ; 250                ;
; Add Pass-Through Logic to Inferred RAMs                                         ; On                 ; On                 ;
; Infer RAMs from Raw Logic                                                       ; On                 ; On                 ;
; Parallel Synthesis                                                              ; On                 ; On                 ;
; DSP Block Balancing                                                             ; Auto               ; Auto               ;
; NOT Gate Push-Back                                                              ; On                 ; On                 ;
; Power-Up Don't Care                                                             ; On                 ; On                 ;
; Remove Redundant Logic Cells                                                    ; Off                ; Off                ;
; Remove Duplicate Registers                                                      ; On                 ; On                 ;
; Ignore CARRY Buffers                                                            ; Off                ; Off                ;
; Ignore CASCADE Buffers                                                          ; Off                ; Off                ;
; Ignore GLOBAL Buffers                                                           ; Off                ; Off                ;
; Ignore ROW GLOBAL Buffers                                                       ; Off                ; Off                ;
; Ignore LCELL Buffers                                                            ; Off                ; Off                ;
; Ignore SOFT Buffers                                                             ; On                 ; On                 ;
; Limit AHDL Integers to 32 Bits                                                  ; Off                ; Off                ;
; Optimization Technique                                                          ; Balanced           ; Balanced           ;
; Carry Chain Length                                                              ; 70                 ; 70                 ;
; Auto Carry Chains                                                               ; On                 ; On                 ;
; Auto Open-Drain Pins                                                            ; On                 ; On                 ;
; Perform WYSIWYG Primitive Resynthesis                                           ; Off                ; Off                ;
; Auto ROM Replacement                                                            ; On                 ; On                 ;
; Auto RAM Replacement                                                            ; On                 ; On                 ;
; Auto DSP Block Replacement                                                      ; On                 ; On                 ;
; Auto Shift Register Replacement                                                 ; Auto               ; Auto               ;
; Allow Shift Register Merging across Hierarchies                                 ; Auto               ; Auto               ;
; Auto Clock Enable Replacement                                                   ; On                 ; On                 ;
; Strict RAM Replacement                                                          ; Off                ; Off                ;
; Allow Synchronous Control Signals                                               ; On                 ; On                 ;
; Force Use of Synchronous Clear Signals                                          ; Off                ; Off                ;
; Auto Resource Sharing                                                           ; Off                ; Off                ;
; Allow Any RAM Size For Recognition                                              ; Off                ; Off                ;
; Allow Any ROM Size For Recognition                                              ; Off                ; Off                ;
; Allow Any Shift Register Size For Recognition                                   ; Off                ; Off                ;
; Use LogicLock Constraints during Resource Balancing                             ; On                 ; On                 ;
; Ignore translate_off and synthesis_off directives                               ; Off                ; Off                ;
; Timing-Driven Synthesis                                                         ; On                 ; On                 ;
; Report Parameter Settings                                                       ; On                 ; On                 ;
; Report Source Assignments                                                       ; On                 ; On                 ;
; Report Connectivity Checks                                                      ; On                 ; On                 ;
; Ignore Maximum Fan-Out Assignments                                              ; Off                ; Off                ;
; Synchronization Register Chain Length                                           ; 3                  ; 3                  ;
; Power Optimization During Synthesis                                             ; Normal compilation ; Normal compilation ;
; HDL message level                                                               ; Level2             ; Level2             ;
; Suppress Register Optimization Related Messages                                 ; Off                ; Off                ;
; Number of Removed Registers Reported in Synthesis Report                        ; 5000               ; 5000               ;
; Number of Swept Nodes Reported in Synthesis Report                              ; 5000               ; 5000               ;
; Number of Inverted Registers Reported in Synthesis Report                       ; 100                ; 100                ;
; Clock MUX Protection                                                            ; On                 ; On                 ;
; Auto Gated Clock Conversion                                                     ; Off                ; Off                ;
; Block Design Naming                                                             ; Auto               ; Auto               ;
; SDC constraint protection                                                       ; Off                ; Off                ;
; Synthesis Effort                                                                ; Auto               ; Auto               ;
; Shift Register Replacement - Allow Asynchronous Clear Signal                    ; On                 ; On                 ;
; Pre-Mapping Resynthesis Optimization                                            ; Off                ; Off                ;
; Analysis & Synthesis Message Level                                              ; Medium             ; Medium             ;
; Disable Register Merging Across Hierarchies                                     ; Auto               ; Auto               ;
; Resource Aware Inference For Block RAM                                          ; On                 ; On                 ;
; Automatic Parallel Synthesis                                                    ; On                 ; On                 ;
; Partial Reconfiguration Bitstream ID                                            ; Off                ; Off                ;
+---------------------------------------------------------------------------------+--------------------+--------------------+


+------------------------------------------+
; Parallel Compilation                     ;
+----------------------------+-------------+
; Processors                 ; Number      ;
+----------------------------+-------------+
; Number detected on machine ; 2           ;
; Maximum allowed            ; 2           ;
;                            ;             ;
; Average used               ; 1.00        ;
; Maximum used               ; 2           ;
;                            ;             ;
; Usage by Processor         ; % Time Used ;
;     Processor 1            ; 100.0%      ;
;     Processor 2            ;   0.0%      ;
+----------------------------+-------------+


+----------------------------------------------------------------------------------------------------------------------------------------------------------------------------+
; Analysis & Synthesis Source Files Read                                                                                                                                     ;
+----------------------------------+-----------------+-----------------+-------------------------------------------------------------------------------------------+---------+
; File Name with User-Entered Path ; Used in Netlist ; File Type       ; File Name with Absolute Path                                                              ; Library ;
+----------------------------------+-----------------+-----------------+-------------------------------------------------------------------------------------------+---------+
; Clock.vhd                        ; yes             ; User VHDL File  ; /home/gabrielacaruso/Documents/6sem/p1_relogio/P1_DesComp/Clock.vhd                       ;         ;
; muxGenerico2x1.vhd               ; yes             ; User VHDL File  ; /home/gabrielacaruso/Documents/6sem/p1_relogio/P1_DesComp/muxGenerico2x1.vhd              ;         ;
; ULA.vhd                          ; yes             ; User VHDL File  ; /home/gabrielacaruso/Documents/6sem/p1_relogio/P1_DesComp/ULA.vhd                         ;         ;
; registradorGenerico.vhd          ; yes             ; User VHDL File  ; /home/gabrielacaruso/Documents/6sem/p1_relogio/P1_DesComp/registradorGenerico.vhd         ;         ;
; bancoRegistradoresArqRegReg.vhd  ; yes             ; User VHDL File  ; /home/gabrielacaruso/Documents/6sem/p1_relogio/P1_DesComp/bancoRegistradoresArqRegReg.vhd ;         ;
; memoriaROM.vhd                   ; yes             ; User VHDL File  ; /home/gabrielacaruso/Documents/6sem/p1_relogio/P1_DesComp/memoriaROM.vhd                  ;         ;
; memoriaRAM.vhd                   ; yes             ; User VHDL File  ; /home/gabrielacaruso/Documents/6sem/p1_relogio/P1_DesComp/memoriaRAM.vhd                  ;         ;
; UnidadeControle.vhd              ; yes             ; User VHDL File  ; /home/gabrielacaruso/Documents/6sem/p1_relogio/P1_DesComp/UnidadeControle.vhd             ;         ;
; decodificador2x4.vhd             ; yes             ; User VHDL File  ; /home/gabrielacaruso/Documents/6sem/p1_relogio/P1_DesComp/decodificador2x4.vhd            ;         ;
; somaConstante.vhd                ; yes             ; User VHDL File  ; /home/gabrielacaruso/Documents/6sem/p1_relogio/P1_DesComp/somaConstante.vhd               ;         ;
; Processador.vhd                  ; yes             ; User VHDL File  ; /home/gabrielacaruso/Documents/6sem/p1_relogio/P1_DesComp/Processador.vhd                 ;         ;
; interfaceCHAVES.vhd              ; yes             ; User VHDL File  ; /home/gabrielacaruso/Documents/6sem/p1_relogio/P1_DesComp/interfaceCHAVES.vhd             ;         ;
; interfaceBOTOES.vhd              ; yes             ; User VHDL File  ; /home/gabrielacaruso/Documents/6sem/p1_relogio/P1_DesComp/interfaceBOTOES.vhd             ;         ;
; conversorHex7Seg.vhd             ; yes             ; User VHDL File  ; /home/gabrielacaruso/Documents/6sem/p1_relogio/P1_DesComp/conversorHex7Seg.vhd            ;         ;
; divisorGenerico_e_Interface.vhd  ; yes             ; User VHDL File  ; /home/gabrielacaruso/Documents/6sem/p1_relogio/P1_DesComp/divisorGenerico_e_Interface.vhd ;         ;
; interfaceHEX.vhd                 ; yes             ; User VHDL File  ; /home/gabrielacaruso/Documents/6sem/p1_relogio/P1_DesComp/interfaceHEX.vhd                ;         ;
; flipflop.vhd                     ; yes             ; User VHDL File  ; /home/gabrielacaruso/Documents/6sem/p1_relogio/P1_DesComp/flipflop.vhd                    ;         ;
+----------------------------------+-----------------+-----------------+-------------------------------------------------------------------------------------------+---------+


+--------------------------------------------------------------+
; Analysis & Synthesis Resource Usage Summary                  ;
+---------------------------------------------+----------------+
; Resource                                    ; Usage          ;
+---------------------------------------------+----------------+
; Estimate of Logic utilization (ALMs needed) ; 180            ;
;                                             ;                ;
; Combinational ALUT usage for logic          ; 247            ;
;     -- 7 input functions                    ; 16             ;
;     -- 6 input functions                    ; 67             ;
;     -- 5 input functions                    ; 29             ;
;     -- 4 input functions                    ; 62             ;
;     -- <=3 input functions                  ; 73             ;
;                                             ;                ;
; Dedicated logic registers                   ; 207            ;
;                                             ;                ;
; I/O pins                                    ; 112            ;
;                                             ;                ;
; Total DSP Blocks                            ; 0              ;
;                                             ;                ;
; Maximum fan-out node                        ; CLOCK_50~input ;
; Maximum fan-out                             ; 207            ;
; Total fan-out                               ; 1940           ;
; Average fan-out                             ; 2.86           ;
+---------------------------------------------+----------------+


+--------------------------------------------------------------------------------------------------------------------------------------------------------------------------------------------------------------------------------------------------------------------------------------+
; Analysis & Synthesis Resource Utilization by Entity                                                                                                                                                                                                                                  ;
+-----------------------------------------------------+---------------------+---------------------------+-------------------+------------+------+--------------+--------------------------------------------------------------------------+-----------------------------+--------------+
; Compilation Hierarchy Node                          ; Combinational ALUTs ; Dedicated Logic Registers ; Block Memory Bits ; DSP Blocks ; Pins ; Virtual Pins ; Full Hierarchy Name                                                      ; Entity Name                 ; Library Name ;
+-----------------------------------------------------+---------------------+---------------------------+-------------------+------------+------+--------------+--------------------------------------------------------------------------+-----------------------------+--------------+
; |Clock                                              ; 247 (1)             ; 207 (0)                   ; 0                 ; 0          ; 112  ; 0            ; |Clock                                                                   ; Clock                       ; work         ;
;    |decodificador2x4:Decoder|                       ; 12 (12)             ; 0 (0)                     ; 0                 ; 0          ; 0    ; 0            ; |Clock|decodificador2x4:Decoder                                          ; decodificador2x4            ; work         ;
;    |divisorGenerico_e_Interface:interfaceBaseTempo| ; 33 (33)             ; 28 (28)                   ; 0                 ; 0          ; 0    ; 0            ; |Clock|divisorGenerico_e_Interface:interfaceBaseTempo                    ; divisorGenerico_e_Interface ; work         ;
;    |interfaceBOTOES:interfaceBtn|                   ; 3 (3)               ; 0 (0)                     ; 0                 ; 0          ; 0    ; 0            ; |Clock|interfaceBOTOES:interfaceBtn                                      ; interfaceBOTOES             ; work         ;
;    |interfaceCHAVES:interfaceChaves|                ; 7 (7)               ; 0 (0)                     ; 0                 ; 0          ; 0    ; 0            ; |Clock|interfaceCHAVES:interfaceChaves                                   ; interfaceCHAVES             ; work         ;
;    |interfaceHEX:interfaceHEX|                      ; 7 (0)               ; 42 (0)                    ; 0                 ; 0          ; 0    ; 0            ; |Clock|interfaceHEX:interfaceHEX                                         ; interfaceHEX                ; work         ;
;       |conversorHex7Seg:conversorHex0|              ; 7 (7)               ; 7 (7)                     ; 0                 ; 0          ; 0    ; 0            ; |Clock|interfaceHEX:interfaceHEX|conversorHex7Seg:conversorHex0          ; conversorHex7Seg            ; work         ;
;       |conversorHex7Seg:conversorHex1|              ; 0 (0)               ; 7 (7)                     ; 0                 ; 0          ; 0    ; 0            ; |Clock|interfaceHEX:interfaceHEX|conversorHex7Seg:conversorHex1          ; conversorHex7Seg            ; work         ;
;       |conversorHex7Seg:conversorHex2|              ; 0 (0)               ; 7 (7)                     ; 0                 ; 0          ; 0    ; 0            ; |Clock|interfaceHEX:interfaceHEX|conversorHex7Seg:conversorHex2          ; conversorHex7Seg            ; work         ;
;       |conversorHex7Seg:conversorHex3|              ; 0 (0)               ; 7 (7)                     ; 0                 ; 0          ; 0    ; 0            ; |Clock|interfaceHEX:interfaceHEX|conversorHex7Seg:conversorHex3          ; conversorHex7Seg            ; work         ;
;       |conversorHex7Seg:conversorHex4|              ; 0 (0)               ; 7 (7)                     ; 0                 ; 0          ; 0    ; 0            ; |Clock|interfaceHEX:interfaceHEX|conversorHex7Seg:conversorHex4          ; conversorHex7Seg            ; work         ;
;       |conversorHex7Seg:conversorHex5|              ; 0 (0)               ; 7 (7)                     ; 0                 ; 0          ; 0    ; 0            ; |Clock|interfaceHEX:interfaceHEX|conversorHex7Seg:conversorHex5          ; conversorHex7Seg            ; work         ;
;    |processador:processador|                        ; 184 (1)             ; 137 (0)                   ; 0                 ; 0          ; 0    ; 0            ; |Clock|processador:processador                                           ; processador                 ; work         ;
;       |ULA:ULA|                                     ; 17 (17)             ; 0 (0)                     ; 0                 ; 0          ; 0    ; 0            ; |Clock|processador:processador|ULA:ULA                                   ; ULA                         ; work         ;
;       |UnidadeControle:UC|                          ; 5 (5)               ; 0 (0)                     ; 0                 ; 0          ; 0    ; 0            ; |Clock|processador:processador|UnidadeControle:UC                        ; UnidadeControle             ; work         ;
;       |bancoRegistradoresArqRegReg:Registradores|   ; 77 (77)             ; 128 (128)                 ; 0                 ; 0          ; 0    ; 0            ; |Clock|processador:processador|bancoRegistradoresArqRegReg:Registradores ; bancoRegistradoresArqRegReg ; work         ;
;       |flipflop:flipflop|                           ; 5 (5)               ; 1 (1)                     ; 0                 ; 0          ; 0    ; 0            ; |Clock|processador:processador|flipflop:flipflop                         ; flipflop                    ; work         ;
;       |memoriaROM:ROM|                              ; 63 (63)             ; 0 (0)                     ; 0                 ; 0          ; 0    ; 0            ; |Clock|processador:processador|memoriaROM:ROM                            ; memoriaROM                  ; work         ;
;       |muxGenerico2x1:MUX_ULA|                      ; 8 (8)               ; 0 (0)                     ; 0                 ; 0          ; 0    ; 0            ; |Clock|processador:processador|muxGenerico2x1:MUX_ULA                    ; muxGenerico2x1              ; work         ;
;       |registradorGenerico:PC|                      ; 0 (0)               ; 8 (8)                     ; 0                 ; 0          ; 0    ; 0            ; |Clock|processador:processador|registradorGenerico:PC                    ; registradorGenerico         ; work         ;
;       |somaConstante:inc|                           ; 8 (8)               ; 0 (0)                     ; 0                 ; 0          ; 0    ; 0            ; |Clock|processador:processador|somaConstante:inc                         ; somaConstante               ; work         ;
+-----------------------------------------------------+---------------------+---------------------------+-------------------+------------+------+--------------+--------------------------------------------------------------------------+-----------------------------+--------------+
Note: For table entries with two numbers listed, the numbers in parentheses indicate the number of resources of the given type used by the specific entity alone. The numbers listed outside of parentheses indicate the total resources of the given type used by the specific entity and all of its sub-entities in the hierarchy.


+------------------------------------------------------+
; General Register Statistics                          ;
+----------------------------------------------+-------+
; Statistic                                    ; Value ;
+----------------------------------------------+-------+
; Total registers                              ; 207   ;
; Number of registers using Synchronous Clear  ; 27    ;
; Number of registers using Synchronous Load   ; 8     ;
; Number of registers using Asynchronous Clear ; 0     ;
; Number of registers using Asynchronous Load  ; 0     ;
; Number of registers using Clock Enable       ; 197   ;
; Number of registers using Preset             ; 0     ;
+----------------------------------------------+-------+


+------------------------------------------------------------------------------------------------------------------------------------------------------------------------------------------------+
; Multiplexer Restructuring Statistics (Restructuring Performed)                                                                                                                                 ;
+--------------------+-----------+---------------+----------------------+------------------------+------------+----------------------------------------------------------------------------------+
; Multiplexer Inputs ; Bus Width ; Baseline Area ; Area if Restructured ; Saving if Restructured ; Registered ; Example Multiplexer Output                                                       ;
+--------------------+-----------+---------------+----------------------+------------------------+------------+----------------------------------------------------------------------------------+
; 3:1                ; 27 bits   ; 54 LEs        ; 0 LEs                ; 54 LEs                 ; Yes        ; |Clock|divisorGenerico_e_Interface:interfaceBaseTempo|contador[15]               ;
; 3:1                ; 7 bits    ; 14 LEs        ; 14 LEs               ; 0 LEs                  ; No         ; |Clock|processador:processador|muxGenerico2x1:MUX_ULA|saida_MUX[1]               ;
; 3:1                ; 8 bits    ; 16 LEs        ; 16 LEs               ; 0 LEs                  ; No         ; |Clock|processador:processador|ULA:ULA|saida[6]                                  ;
; 13:1               ; 4 bits    ; 32 LEs        ; 32 LEs               ; 0 LEs                  ; No         ; |Clock|interfaceHEX:interfaceHEX|conversorHex7Seg:conversorHex0|rascSaida7seg[0] ;
+--------------------+-----------+---------------+----------------------+------------------------+------------+----------------------------------------------------------------------------------+


+-----------------------------------------------------------------------+
; Parameter Settings for User Entity Instance: Top-level Entity: |Clock ;
+----------------+-------+----------------------------------------------+
; Parameter Name ; Value ; Type                                         ;
+----------------+-------+----------------------------------------------+
; dataWidth      ; 8     ; Signed Integer                               ;
+----------------+-------+----------------------------------------------+
Note: In order to hide this table in the UI and the text report file, please set the "Show Parameter Settings in Synthesis Report" option in "Analysis and Synthesis Settings -> More Settings" to "Off".


+-----------------------------------------------------------------------------------------+
; Parameter Settings for User Entity Instance: processador:processador|UnidadeControle:UC ;
+----------------+-------+----------------------------------------------------------------+
; Parameter Name ; Value ; Type                                                           ;
+----------------+-------+----------------------------------------------------------------+
; data_width     ; 8     ; Signed Integer                                                 ;
; addr_width     ; 8     ; Signed Integer                                                 ;
+----------------+-------+----------------------------------------------------------------+
Note: In order to hide this table in the UI and the text report file, please set the "Show Parameter Settings in Synthesis Report" option in "Analysis and Synthesis Settings -> More Settings" to "Off".


+-------------------------------------------------------------------------------------+
; Parameter Settings for User Entity Instance: processador:processador|memoriaROM:ROM ;
+----------------+-------+------------------------------------------------------------+
; Parameter Name ; Value ; Type                                                       ;
+----------------+-------+------------------------------------------------------------+
; datawidth      ; 24    ; Signed Integer                                             ;
; addrwidth      ; 8     ; Signed Integer                                             ;
+----------------+-------+------------------------------------------------------------+
Note: In order to hide this table in the UI and the text report file, please set the "Show Parameter Settings in Synthesis Report" option in "Analysis and Synthesis Settings -> More Settings" to "Off".


+---------------------------------------------------------------------------------------------+
; Parameter Settings for User Entity Instance: processador:processador|registradorGenerico:PC ;
+----------------+-------+--------------------------------------------------------------------+
; Parameter Name ; Value ; Type                                                               ;
+----------------+-------+--------------------------------------------------------------------+
; larguradados   ; 8     ; Signed Integer                                                     ;
+----------------+-------+--------------------------------------------------------------------+
Note: In order to hide this table in the UI and the text report file, please set the "Show Parameter Settings in Synthesis Report" option in "Analysis and Synthesis Settings -> More Settings" to "Off".


+----------------------------------------------------------------------------------------+
; Parameter Settings for User Entity Instance: processador:processador|somaConstante:inc ;
+----------------+-------+---------------------------------------------------------------+
; Parameter Name ; Value ; Type                                                          ;
+----------------+-------+---------------------------------------------------------------+
; larguradados   ; 8     ; Signed Integer                                                ;
; constante      ; 1     ; Signed Integer                                                ;
+----------------+-------+---------------------------------------------------------------+
Note: In order to hide this table in the UI and the text report file, please set the "Show Parameter Settings in Synthesis Report" option in "Analysis and Synthesis Settings -> More Settings" to "Off".


+--------------------------------------------------------------------------------------------+
; Parameter Settings for User Entity Instance: processador:processador|muxGenerico2x1:MUX_PC ;
+----------------+-------+-------------------------------------------------------------------+
; Parameter Name ; Value ; Type                                                              ;
+----------------+-------+-------------------------------------------------------------------+
; larguradados   ; 8     ; Signed Integer                                                    ;
+----------------+-------+-------------------------------------------------------------------+
Note: In order to hide this table in the UI and the text report file, please set the "Show Parameter Settings in Synthesis Report" option in "Analysis and Synthesis Settings -> More Settings" to "Off".


+--------------------------------------------------------------------------------------------+
; Parameter Settings for User Entity Instance: processador:processador|muxGenerico2x1:MUX_Im ;
+----------------+-------+-------------------------------------------------------------------+
; Parameter Name ; Value ; Type                                                              ;
+----------------+-------+-------------------------------------------------------------------+
; larguradados   ; 8     ; Signed Integer                                                    ;
+----------------+-------+-------------------------------------------------------------------+
Note: In order to hide this table in the UI and the text report file, please set the "Show Parameter Settings in Synthesis Report" option in "Analysis and Synthesis Settings -> More Settings" to "Off".


+----------------------------------------------------------------------------------------------------------------+
; Parameter Settings for User Entity Instance: processador:processador|bancoRegistradoresArqRegReg:Registradores ;
+---------------------+-------+----------------------------------------------------------------------------------+
; Parameter Name      ; Value ; Type                                                                             ;
+---------------------+-------+----------------------------------------------------------------------------------+
; larguradados        ; 8     ; Signed Integer                                                                   ;
; larguraendbancoregs ; 4     ; Signed Integer                                                                   ;
+---------------------+-------+----------------------------------------------------------------------------------+
Note: In order to hide this table in the UI and the text report file, please set the "Show Parameter Settings in Synthesis Report" option in "Analysis and Synthesis Settings -> More Settings" to "Off".


+------------------------------------------------------------------------------+
; Parameter Settings for User Entity Instance: processador:processador|ULA:ULA ;
+----------------+-------+-----------------------------------------------------+
; Parameter Name ; Value ; Type                                                ;
+----------------+-------+-----------------------------------------------------+
; larguradados   ; 8     ; Signed Integer                                      ;
+----------------+-------+-----------------------------------------------------+
Note: In order to hide this table in the UI and the text report file, please set the "Show Parameter Settings in Synthesis Report" option in "Analysis and Synthesis Settings -> More Settings" to "Off".


+---------------------------------------------------------------------------------------------+
; Parameter Settings for User Entity Instance: processador:processador|muxGenerico2x1:MUX_ULA ;
+----------------+-------+--------------------------------------------------------------------+
; Parameter Name ; Value ; Type                                                               ;
+----------------+-------+--------------------------------------------------------------------+
; larguradados   ; 8     ; Signed Integer                                                     ;
+----------------+-------+--------------------------------------------------------------------+
Note: In order to hide this table in the UI and the text report file, please set the "Show Parameter Settings in Synthesis Report" option in "Analysis and Synthesis Settings -> More Settings" to "Off".


+-------------------------------------------------------------+
; Parameter Settings for User Entity Instance: memoriaRAM:RAM ;
+----------------+-------+------------------------------------+
; Parameter Name ; Value ; Type                               ;
+----------------+-------+------------------------------------+
; datawidth      ; 8     ; Signed Integer                     ;
; addrwidth      ; 8     ; Signed Integer                     ;
+----------------+-------+------------------------------------+
Note: In order to hide this table in the UI and the text report file, please set the "Show Parameter Settings in Synthesis Report" option in "Analysis and Synthesis Settings -> More Settings" to "Off".


+------------------------------------------------------------------------------+
; Parameter Settings for User Entity Instance: interfaceCHAVES:interfaceChaves ;
+----------------+-------+-----------------------------------------------------+
; Parameter Name ; Value ; Type                                                ;
+----------------+-------+-----------------------------------------------------+
; datawidth      ; 8     ; Signed Integer                                      ;
+----------------+-------+-----------------------------------------------------+
Note: In order to hide this table in the UI and the text report file, please set the "Show Parameter Settings in Synthesis Report" option in "Analysis and Synthesis Settings -> More Settings" to "Off".


+---------------------------------------------------------------------------+
; Parameter Settings for User Entity Instance: interfaceBOTOES:interfaceBtn ;
+----------------+-------+--------------------------------------------------+
; Parameter Name ; Value ; Type                                             ;
+----------------+-------+--------------------------------------------------+
; datawidth      ; 8     ; Signed Integer                                   ;
+----------------+-------+--------------------------------------------------+
Note: In order to hide this table in the UI and the text report file, please set the "Show Parameter Settings in Synthesis Report" option in "Analysis and Synthesis Settings -> More Settings" to "Off".


+------------------------------------------------------------------------+
; Parameter Settings for User Entity Instance: interfaceHEX:interfaceHEX ;
+----------------+-------+-----------------------------------------------+
; Parameter Name ; Value ; Type                                          ;
+----------------+-------+-----------------------------------------------+
; datawidth      ; 8     ; Signed Integer                                ;
+----------------+-------+-----------------------------------------------+
Note: In order to hide this table in the UI and the text report file, please set the "Show Parameter Settings in Synthesis Report" option in "Analysis and Synthesis Settings -> More Settings" to "Off".


+---------------------------------------------------------------------------------------------+
; Parameter Settings for User Entity Instance: divisorGenerico_e_Interface:interfaceBaseTempo ;
+----------------+-------+--------------------------------------------------------------------+
; Parameter Name ; Value ; Type                                                               ;
+----------------+-------+--------------------------------------------------------------------+
; datawidth      ; 8     ; Signed Integer                                                     ;
+----------------+-------+--------------------------------------------------------------------+
Note: In order to hide this table in the UI and the text report file, please set the "Show Parameter Settings in Synthesis Report" option in "Analysis and Synthesis Settings -> More Settings" to "Off".


+----------------------------------------------------------------------------+
; Port Connectivity Checks: "divisorGenerico_e_Interface:interfaceBaseTempo" ;
+------------+-------+----------+--------------------------------------------+
; Port       ; Type  ; Severity ; Details                                    ;
+------------+-------+----------+--------------------------------------------+
; seletorclk ; Input ; Info     ; Stuck at GND                               ;
+------------+-------+----------+--------------------------------------------+


+-----------------------------------------------------------------------+
; Port Connectivity Checks: "processador:processador|flipflop:flipflop" ;
+------+-------+----------+---------------------------------------------+
; Port ; Type  ; Severity ; Details                                     ;
+------+-------+----------+---------------------------------------------+
; rst  ; Input ; Info     ; Stuck at GND                                ;
+------+-------+----------+---------------------------------------------+


+----------------------------------------------------------------------------+
; Port Connectivity Checks: "processador:processador|registradorGenerico:PC" ;
+--------+-------+----------+------------------------------------------------+
; Port   ; Type  ; Severity ; Details                                        ;
+--------+-------+----------+------------------------------------------------+
; enable ; Input ; Info     ; Stuck at VCC                                   ;
; rst    ; Input ; Info     ; Stuck at GND                                   ;
+--------+-------+----------+------------------------------------------------+


+---------------------------------------------------------------------------------------------------------------------------+
; Port Connectivity Checks: "processador:processador"                                                                       ;
+-----------------+--------+----------+-------------------------------------------------------------------------------------+
; Port            ; Type   ; Severity ; Details                                                                             ;
+-----------------+--------+----------+-------------------------------------------------------------------------------------+
; habescritareg   ; Output ; Info     ; Connected to dangling logic. Logic that only feeds a dangling port will be removed. ;
; pintest         ; Output ; Info     ; Connected to dangling logic. Logic that only feeds a dangling port will be removed. ;
; pintesta        ; Output ; Info     ; Connected to dangling logic. Logic that only feeds a dangling port will be removed. ;
; pintestb        ; Output ; Info     ; Connected to dangling logic. Logic that only feeds a dangling port will be removed. ;
; pintestflagzero ; Output ; Info     ; Connected to dangling logic. Logic that only feeds a dangling port will be removed. ;
+-----------------+--------+----------+-------------------------------------------------------------------------------------+


+-----------------------------------------------------+
; Post-Synthesis Netlist Statistics for Top Partition ;
+-----------------------+-----------------------------+
; Type                  ; Count                       ;
+-----------------------+-----------------------------+
; arriav_ff             ; 207                         ;
;     ENA               ; 170                         ;
;     ENA SCLR          ; 27                          ;
;     SLD               ; 8                           ;
;     plain             ; 2                           ;
; arriav_io_obuf        ; 8                           ;
; arriav_lcell_comb     ; 249                         ;
;     arith             ; 44                          ;
;         1 data inputs ; 36                          ;
;         3 data inputs ; 8                           ;
;     extend            ; 16                          ;
;         7 data inputs ; 16                          ;
;     normal            ; 189                         ;
;         0 data inputs ; 1                           ;
;         1 data inputs ; 2                           ;
;         2 data inputs ; 8                           ;
;         3 data inputs ; 20                          ;
;         4 data inputs ; 62                          ;
;         5 data inputs ; 29                          ;
;         6 data inputs ; 67                          ;
; boundary_port         ; 112                         ;
;                       ;                             ;
; Max LUT depth         ; 7.70                        ;
; Average LUT depth     ; 4.64                        ;
+-----------------------+-----------------------------+


+-------------------------------+
; Elapsed Time Per Partition    ;
+----------------+--------------+
; Partition Name ; Elapsed Time ;
+----------------+--------------+
; Top            ; 00:00:01     ;
+----------------+--------------+


+-------------------------------+
; Analysis & Synthesis Messages ;
+-------------------------------+
Info: *******************************************************************
Info: Running Quartus Prime Analysis & Synthesis
    Info: Version 20.1.0 Build 711 06/05/2020 SJ Lite Edition
    Info: Processing started: Mon Oct 19 12:06:48 2020
Info: Command: quartus_map --read_settings_files=on --write_settings_files=off Clock -c Clock
Warning (18236): Number of processors has not been specified which may cause overloading on shared machines.  Set the global assignment NUM_PARALLEL_PROCESSORS in your QSF to an appropriate value for best performance.
Info (20030): Parallel compilation is enabled and will use 2 of the 2 processors detected
Info (12021): Found 2 design units, including 1 entities, in source file Clock.vhd
    Info (12022): Found design unit 1: Clock-arch_name File: /home/gabrielacaruso/Documents/6sem/p1_relogio/P1_DesComp/Clock.vhd Line: 35
    Info (12023): Found entity 1: Clock File: /home/gabrielacaruso/Documents/6sem/p1_relogio/P1_DesComp/Clock.vhd Line: 5
Info (12021): Found 2 design units, including 1 entities, in source file muxGenerico2x1.vhd
    Info (12022): Found design unit 1: muxGenerico2x1-comportamento File: /home/gabrielacaruso/Documents/6sem/p1_relogio/P1_DesComp/muxGenerico2x1.vhd Line: 25
    Info (12023): Found entity 1: muxGenerico2x1 File: /home/gabrielacaruso/Documents/6sem/p1_relogio/P1_DesComp/muxGenerico2x1.vhd Line: 6
Info (12021): Found 2 design units, including 1 entities, in source file ULA.vhd
    Info (12022): Found design unit 1: ULA-comportamento File: /home/gabrielacaruso/Documents/6sem/p1_relogio/P1_DesComp/ULA.vhd Line: 27
    Info (12023): Found entity 1: ULA File: /home/gabrielacaruso/Documents/6sem/p1_relogio/P1_DesComp/ULA.vhd Line: 7
Info (12021): Found 3 design units, including 1 entities, in source file edgeDetector.vhd
    Info (12022): Found design unit 1: edgeDetector-bordaSubida File: /home/gabrielacaruso/Documents/6sem/p1_relogio/P1_DesComp/edgeDetector.vhd Line: 20
    Info (12022): Found design unit 2: edgeDetector-bordaDescida File: /home/gabrielacaruso/Documents/6sem/p1_relogio/P1_DesComp/edgeDetector.vhd Line: 39
    Info (12023): Found entity 1: edgeDetector File: /home/gabrielacaruso/Documents/6sem/p1_relogio/P1_DesComp/edgeDetector.vhd Line: 6
Info (12021): Found 2 design units, including 1 entities, in source file registradorGenerico.vhd
    Info (12022): Found design unit 1: registradorGenerico-comportamento File: /home/gabrielacaruso/Documents/6sem/p1_relogio/P1_DesComp/registradorGenerico.vhd Line: 26
    Info (12023): Found entity 1: registradorGenerico File: /home/gabrielacaruso/Documents/6sem/p1_relogio/P1_DesComp/registradorGenerico.vhd Line: 6
Info (12021): Found 2 design units, including 1 entities, in source file bancoRegistradoresArqRegReg.vhd
    Info (12022): Found design unit 1: bancoRegistradoresArqRegReg-comportamento File: /home/gabrielacaruso/Documents/6sem/p1_relogio/P1_DesComp/bancoRegistradoresArqRegReg.vhd Line: 33
    Info (12023): Found entity 1: bancoRegistradoresArqRegReg File: /home/gabrielacaruso/Documents/6sem/p1_relogio/P1_DesComp/bancoRegistradoresArqRegReg.vhd Line: 7
Info (12021): Found 2 design units, including 1 entities, in source file memoriaROM.vhd
    Info (12022): Found design unit 1: memoriaROM-assincrona File: /home/gabrielacaruso/Documents/6sem/p1_relogio/P1_DesComp/memoriaROM.vhd Line: 26
    Info (12023): Found entity 1: memoriaROM File: /home/gabrielacaruso/Documents/6sem/p1_relogio/P1_DesComp/memoriaROM.vhd Line: 7
Info (12021): Found 2 design units, including 1 entities, in source file memoriaRAM.vhd
    Info (12022): Found design unit 1: memoriaRAM-rtl File: /home/gabrielacaruso/Documents/6sem/p1_relogio/P1_DesComp/memoriaRAM.vhd Line: 30
    Info (12023): Found entity 1: memoriaRAM File: /home/gabrielacaruso/Documents/6sem/p1_relogio/P1_DesComp/memoriaRAM.vhd Line: 7
Info (12021): Found 2 design units, including 1 entities, in source file divisorGenerico.vhd
    Info (12022): Found design unit 1: divisorGenerico-divInteiro File: /home/gabrielacaruso/Documents/6sem/p1_relogio/P1_DesComp/divisorGenerico.vhd Line: 27
    Info (12023): Found entity 1: divisorGenerico File: /home/gabrielacaruso/Documents/6sem/p1_relogio/P1_DesComp/divisorGenerico.vhd Line: 7
Info (12021): Found 2 design units, including 1 entities, in source file UnidadeControle.vhd
    Info (12022): Found design unit 1: unidadeControle-main File: /home/gabrielacaruso/Documents/6sem/p1_relogio/P1_DesComp/UnidadeControle.vhd Line: 26
    Info (12023): Found entity 1: UnidadeControle File: /home/gabrielacaruso/Documents/6sem/p1_relogio/P1_DesComp/UnidadeControle.vhd Line: 5
Info (12021): Found 2 design units, including 1 entities, in source file decodificador2x4.vhd
    Info (12022): Found design unit 1: decodificador2x4-comportamento File: /home/gabrielacaruso/Documents/6sem/p1_relogio/P1_DesComp/decodificador2x4.vhd Line: 21
    Info (12023): Found entity 1: decodificador2x4 File: /home/gabrielacaruso/Documents/6sem/p1_relogio/P1_DesComp/decodificador2x4.vhd Line: 5
Info (12021): Found 2 design units, including 1 entities, in source file somaConstante.vhd
    Info (12022): Found design unit 1: somaConstante-comportamento File: /home/gabrielacaruso/Documents/6sem/p1_relogio/P1_DesComp/somaConstante.vhd Line: 26
    Info (12023): Found entity 1: somaConstante File: /home/gabrielacaruso/Documents/6sem/p1_relogio/P1_DesComp/somaConstante.vhd Line: 7
Info (12021): Found 2 design units, including 1 entities, in source file Processador.vhd
    Info (12022): Found design unit 1: processador-arch_name File: /home/gabrielacaruso/Documents/6sem/p1_relogio/P1_DesComp/Processador.vhd Line: 37
    Info (12023): Found entity 1: processador File: /home/gabrielacaruso/Documents/6sem/p1_relogio/P1_DesComp/Processador.vhd Line: 5
Info (12021): Found 2 design units, including 1 entities, in source file interfaceCHAVES.vhd
    Info (12022): Found design unit 1: interfaceCHAVES-comportamento File: /home/gabrielacaruso/Documents/6sem/p1_relogio/P1_DesComp/interfaceCHAVES.vhd Line: 16
    Info (12023): Found entity 1: interfaceCHAVES File: /home/gabrielacaruso/Documents/6sem/p1_relogio/P1_DesComp/interfaceCHAVES.vhd Line: 4
Info (12021): Found 2 design units, including 1 entities, in source file interfaceLEDs.vhd
    Info (12022): Found design unit 1: interfaceLEDs-comportamento File: /home/gabrielacaruso/Documents/6sem/p1_relogio/P1_DesComp/interfaceLEDs.vhd Line: 16
    Info (12023): Found entity 1: interfaceLEDs File: /home/gabrielacaruso/Documents/6sem/p1_relogio/P1_DesComp/interfaceLEDs.vhd Line: 4
Info (12021): Found 2 design units, including 1 entities, in source file interfaceBOTOES.vhd
    Info (12022): Found design unit 1: interfaceBOTOES-comportamento File: /home/gabrielacaruso/Documents/6sem/p1_relogio/P1_DesComp/interfaceBOTOES.vhd Line: 17
    Info (12023): Found entity 1: interfaceBOTOES File: /home/gabrielacaruso/Documents/6sem/p1_relogio/P1_DesComp/interfaceBOTOES.vhd Line: 5
Info (12021): Found 2 design units, including 1 entities, in source file conversorHex7Seg.vhd
    Info (12022): Found design unit 1: conversorHex7Seg-comportamento File: /home/gabrielacaruso/Documents/6sem/p1_relogio/P1_DesComp/conversorHex7Seg.vhd Line: 17
    Info (12023): Found entity 1: conversorHex7Seg File: /home/gabrielacaruso/Documents/6sem/p1_relogio/P1_DesComp/conversorHex7Seg.vhd Line: 4
Info (12021): Found 2 design units, including 1 entities, in source file divisorGenerico_e_Interface.vhd
    Info (12022): Found design unit 1: divisorGenerico_e_Interface-interface File: /home/gabrielacaruso/Documents/6sem/p1_relogio/P1_DesComp/divisorGenerico_e_Interface.vhd Line: 18
    Info (12023): Found entity 1: divisorGenerico_e_Interface File: /home/gabrielacaruso/Documents/6sem/p1_relogio/P1_DesComp/divisorGenerico_e_Interface.vhd Line: 5
Info (12021): Found 2 design units, including 1 entities, in source file interfaceHEX.vhd
    Info (12022): Found design unit 1: interfaceHEX-comportamento File: /home/gabrielacaruso/Documents/6sem/p1_relogio/P1_DesComp/interfaceHEX.vhd Line: 19
    Info (12023): Found entity 1: interfaceHEX File: /home/gabrielacaruso/Documents/6sem/p1_relogio/P1_DesComp/interfaceHEX.vhd Line: 5
Info (12021): Found 0 design units, including 0 entities, in source file main.vhd
Info (12021): Found 2 design units, including 1 entities, in source file flipflop.vhd
    Info (12022): Found design unit 1: flipflop-comportamento File: /home/gabrielacaruso/Documents/6sem/p1_relogio/P1_DesComp/flipflop.vhd Line: 21
    Info (12023): Found entity 1: flipflop File: /home/gabrielacaruso/Documents/6sem/p1_relogio/P1_DesComp/flipflop.vhd Line: 6
Info (12021): Found 0 design units, including 0 entities, in source file baseDeTempo.vhd
Info (12127): Elaborating entity "Clock" for the top level hierarchy
Info (12128): Elaborating entity "processador" for hierarchy "processador:processador" File: /home/gabrielacaruso/Documents/6sem/p1_relogio/P1_DesComp/Clock.vhd Line: 89
Info (12128): Elaborating entity "UnidadeControle" for hierarchy "processador:processador|UnidadeControle:UC" File: /home/gabrielacaruso/Documents/6sem/p1_relogio/P1_DesComp/Processador.vhd Line: 69
Info (12128): Elaborating entity "memoriaROM" for hierarchy "processador:processador|memoriaROM:ROM" File: /home/gabrielacaruso/Documents/6sem/p1_relogio/P1_DesComp/Processador.vhd Line: 77
Info (12128): Elaborating entity "registradorGenerico" for hierarchy "processador:processador|registradorGenerico:PC" File: /home/gabrielacaruso/Documents/6sem/p1_relogio/P1_DesComp/Processador.vhd Line: 83
Info (12128): Elaborating entity "somaConstante" for hierarchy "processador:processador|somaConstante:inc" File: /home/gabrielacaruso/Documents/6sem/p1_relogio/P1_DesComp/Processador.vhd Line: 92
Info (12128): Elaborating entity "muxGenerico2x1" for hierarchy "processador:processador|muxGenerico2x1:MUX_PC" File: /home/gabrielacaruso/Documents/6sem/p1_relogio/P1_DesComp/Processador.vhd Line: 98
Info (12128): Elaborating entity "bancoRegistradoresArqRegReg" for hierarchy "processador:processador|bancoRegistradoresArqRegReg:Registradores" File: /home/gabrielacaruso/Documents/6sem/p1_relogio/P1_DesComp/Processador.vhd Line: 116
Info (12128): Elaborating entity "ULA" for hierarchy "processador:processador|ULA:ULA" File: /home/gabrielacaruso/Documents/6sem/p1_relogio/P1_DesComp/Processador.vhd Line: 132
Info (12128): Elaborating entity "flipflop" for hierarchy "processador:processador|flipflop:flipflop" File: /home/gabrielacaruso/Documents/6sem/p1_relogio/P1_DesComp/Processador.vhd Line: 144
Info (12128): Elaborating entity "decodificador2x4" for hierarchy "decodificador2x4:Decoder" File: /home/gabrielacaruso/Documents/6sem/p1_relogio/P1_DesComp/Clock.vhd Line: 102
Warning (10873): Using initial value X (don't care) for net "habilita[7..3]" at decodificador2x4.vhd(13) File: /home/gabrielacaruso/Documents/6sem/p1_relogio/P1_DesComp/decodificador2x4.vhd Line: 13
Warning (10873): Using initial value X (don't care) for net "numSeletor[8]" at decodificador2x4.vhd(24) File: /home/gabrielacaruso/Documents/6sem/p1_relogio/P1_DesComp/decodificador2x4.vhd Line: 24
Info (12128): Elaborating entity "memoriaRAM" for hierarchy "memoriaRAM:RAM" File: /home/gabrielacaruso/Documents/6sem/p1_relogio/P1_DesComp/Clock.vhd Line: 112
Info (12128): Elaborating entity "interfaceCHAVES" for hierarchy "interfaceCHAVES:interfaceChaves" File: /home/gabrielacaruso/Documents/6sem/p1_relogio/P1_DesComp/Clock.vhd Line: 124
Warning (10873): Using initial value X (don't care) for net "sinal[7..1]" at interfaceCHAVES.vhd(17) File: /home/gabrielacaruso/Documents/6sem/p1_relogio/P1_DesComp/interfaceCHAVES.vhd Line: 17
Info (12128): Elaborating entity "interfaceBOTOES" for hierarchy "interfaceBOTOES:interfaceBtn" File: /home/gabrielacaruso/Documents/6sem/p1_relogio/P1_DesComp/Clock.vhd Line: 135
Warning (10873): Using initial value X (don't care) for net "sinal[7..1]" at interfaceBOTOES.vhd(19) File: /home/gabrielacaruso/Documents/6sem/p1_relogio/P1_DesComp/interfaceBOTOES.vhd Line: 19
Info (12128): Elaborating entity "interfaceHEX" for hierarchy "interfaceHEX:interfaceHEX" File: /home/gabrielacaruso/Documents/6sem/p1_relogio/P1_DesComp/Clock.vhd Line: 147
Info (12128): Elaborating entity "conversorHex7Seg" for hierarchy "interfaceHEX:interfaceHEX|conversorHex7Seg:conversorHex0" File: /home/gabrielacaruso/Documents/6sem/p1_relogio/P1_DesComp/interfaceHEX.vhd Line: 37
Info (12128): Elaborating entity "divisorGenerico_e_Interface" for hierarchy "divisorGenerico_e_Interface:interfaceBaseTempo" File: /home/gabrielacaruso/Documents/6sem/p1_relogio/P1_DesComp/Clock.vhd Line: 190
Warning (10540): VHDL Signal Declaration warning at divisorGenerico_e_Interface.vhd(25): used explicit default value for signal "clock_slow" because signal was never assigned a value File: /home/gabrielacaruso/Documents/6sem/p1_relogio/P1_DesComp/divisorGenerico_e_Interface.vhd Line: 25
Warning (10540): VHDL Signal Declaration warning at divisorGenerico_e_Interface.vhd(26): used explicit default value for signal "clock_fast" because signal was never assigned a value File: /home/gabrielacaruso/Documents/6sem/p1_relogio/P1_DesComp/divisorGenerico_e_Interface.vhd Line: 26
Info (276014): Found 2 instances of uninferred RAM logic
    Info (276007): RAM logic "memoriaRAM:RAM|ram" is uninferred due to asynchronous read logic File: /home/gabrielacaruso/Documents/6sem/p1_relogio/P1_DesComp/memoriaRAM.vhd Line: 37
    Info (276007): RAM logic "processador:processador|bancoRegistradoresArqRegReg:Registradores|registrador" is uninferred due to asynchronous read logic File: /home/gabrielacaruso/Documents/6sem/p1_relogio/P1_DesComp/bancoRegistradoresArqRegReg.vhd Line: 40
Warning (13027): Removed fan-outs from the following always-disabled I/O buffers
    Warning (13028): Removed fan-out from the always-disabled I/O buffer "memoriaRAM:RAM|dado_out[0]" to the node "BarramentoEntrada_t[0]" File: /home/gabrielacaruso/Documents/6sem/p1_relogio/P1_DesComp/memoriaRAM.vhd Line: 24
    Warning (13028): Removed fan-out from the always-disabled I/O buffer "memoriaRAM:RAM|dado_out[1]" to the node "BarramentoEntrada_t[1]" File: /home/gabrielacaruso/Documents/6sem/p1_relogio/P1_DesComp/memoriaRAM.vhd Line: 24
    Warning (13028): Removed fan-out from the always-disabled I/O buffer "memoriaRAM:RAM|dado_out[2]" to the node "BarramentoEntrada_t[2]" File: /home/gabrielacaruso/Documents/6sem/p1_relogio/P1_DesComp/memoriaRAM.vhd Line: 24
    Warning (13028): Removed fan-out from the always-disabled I/O buffer "memoriaRAM:RAM|dado_out[3]" to the node "BarramentoEntrada_t[3]" File: /home/gabrielacaruso/Documents/6sem/p1_relogio/P1_DesComp/memoriaRAM.vhd Line: 24
    Warning (13028): Removed fan-out from the always-disabled I/O buffer "memoriaRAM:RAM|dado_out[4]" to the node "BarramentoEntrada_t[4]" File: /home/gabrielacaruso/Documents/6sem/p1_relogio/P1_DesComp/memoriaRAM.vhd Line: 24
    Warning (13028): Removed fan-out from the always-disabled I/O buffer "memoriaRAM:RAM|dado_out[5]" to the node "BarramentoEntrada_t[5]" File: /home/gabrielacaruso/Documents/6sem/p1_relogio/P1_DesComp/memoriaRAM.vhd Line: 24
    Warning (13028): Removed fan-out from the always-disabled I/O buffer "memoriaRAM:RAM|dado_out[6]" to the node "BarramentoEntrada_t[6]" File: /home/gabrielacaruso/Documents/6sem/p1_relogio/P1_DesComp/memoriaRAM.vhd Line: 24
    Warning (13028): Removed fan-out from the always-disabled I/O buffer "memoriaRAM:RAM|dado_out[7]" to the node "BarramentoEntrada_t[7]" File: /home/gabrielacaruso/Documents/6sem/p1_relogio/P1_DesComp/memoriaRAM.vhd Line: 24
Warning (13050): Open-drain buffer(s) that do not directly drive top-level pin(s) are removed
    Warning (13051): Converted the fanout from the open-drain buffer "interfaceCHAVES:interfaceChaves|saida[1]" to the node "processador:processador|muxGenerico2x1:MUX_ULA|saida_MUX[1]" into a wire File: /home/gabrielacaruso/Documents/6sem/p1_relogio/P1_DesComp/interfaceCHAVES.vhd Line: 12
    Warning (13051): Converted the fanout from the open-drain buffer "interfaceCHAVES:interfaceChaves|saida[2]" to the node "processador:processador|muxGenerico2x1:MUX_ULA|saida_MUX[2]" into a wire File: /home/gabrielacaruso/Documents/6sem/p1_relogio/P1_DesComp/interfaceCHAVES.vhd Line: 12
    Warning (13051): Converted the fanout from the open-drain buffer "interfaceCHAVES:interfaceChaves|saida[3]" to the node "processador:processador|muxGenerico2x1:MUX_ULA|saida_MUX[3]" into a wire File: /home/gabrielacaruso/Documents/6sem/p1_relogio/P1_DesComp/interfaceCHAVES.vhd Line: 12
    Warning (13051): Converted the fanout from the open-drain buffer "interfaceCHAVES:interfaceChaves|saida[4]" to the node "processador:processador|muxGenerico2x1:MUX_ULA|saida_MUX[4]" into a wire File: /home/gabrielacaruso/Documents/6sem/p1_relogio/P1_DesComp/interfaceCHAVES.vhd Line: 12
    Warning (13051): Converted the fanout from the open-drain buffer "interfaceCHAVES:interfaceChaves|saida[5]" to the node "processador:processador|muxGenerico2x1:MUX_ULA|saida_MUX[5]" into a wire File: /home/gabrielacaruso/Documents/6sem/p1_relogio/P1_DesComp/interfaceCHAVES.vhd Line: 12
    Warning (13051): Converted the fanout from the open-drain buffer "interfaceCHAVES:interfaceChaves|saida[6]" to the node "processador:processador|muxGenerico2x1:MUX_ULA|saida_MUX[6]" into a wire File: /home/gabrielacaruso/Documents/6sem/p1_relogio/P1_DesComp/interfaceCHAVES.vhd Line: 12
    Warning (13051): Converted the fanout from the open-drain buffer "interfaceCHAVES:interfaceChaves|saida[7]" to the node "processador:processador|muxGenerico2x1:MUX_Im|saida_MUX[7]" into a wire File: /home/gabrielacaruso/Documents/6sem/p1_relogio/P1_DesComp/interfaceCHAVES.vhd Line: 12
Warning (13046): Tri-state node(s) do not directly drive top-level pin(s)
    Warning (13047): Converted the fan-out from the tri-state buffer "interfaceCHAVES:interfaceChaves|saida[0]" to the node "processador:processador|muxGenerico2x1:MUX_ULA|saida_MUX[0]" into an OR gate File: /home/gabrielacaruso/Documents/6sem/p1_relogio/P1_DesComp/interfaceCHAVES.vhd Line: 12
Warning (13024): Output pins are stuck at VCC or GND
    Warning (13410): Pin "habilita_t[2]" is stuck at GND File: /home/gabrielacaruso/Documents/6sem/p1_relogio/P1_DesComp/Clock.vhd Line: 17
    Warning (13410): Pin "habilita_t[3]" is stuck at GND File: /home/gabrielacaruso/Documents/6sem/p1_relogio/P1_DesComp/Clock.vhd Line: 17
    Warning (13410): Pin "habilita_t[4]" is stuck at GND File: /home/gabrielacaruso/Documents/6sem/p1_relogio/P1_DesComp/Clock.vhd Line: 17
    Warning (13410): Pin "habilita_t[5]" is stuck at GND File: /home/gabrielacaruso/Documents/6sem/p1_relogio/P1_DesComp/Clock.vhd Line: 17
    Warning (13410): Pin "habilita_t[6]" is stuck at GND File: /home/gabrielacaruso/Documents/6sem/p1_relogio/P1_DesComp/Clock.vhd Line: 17
    Warning (13410): Pin "habilita_t[7]" is stuck at GND File: /home/gabrielacaruso/Documents/6sem/p1_relogio/P1_DesComp/Clock.vhd Line: 17
    Warning (13410): Pin "enderecoRAMROM_DEBUG[7]" is stuck at GND File: /home/gabrielacaruso/Documents/6sem/p1_relogio/P1_DesComp/Clock.vhd Line: 20
Info (286030): Timing-Driven Synthesis is running
Info (16010): Generating hard_block partition "hard_block:auto_generated_inst"
    Info (16011): Adding 0 node(s), including 0 DDIO, 0 PLL, 0 transceiver and 0 LCELL
Warning (21074): Design contains 1 input pin(s) that do not drive logic
    Warning (15610): No output dependent on input pin "FPGA_RESET_N" File: /home/gabrielacaruso/Documents/6sem/p1_relogio/P1_DesComp/Clock.vhd Line: 15
Info (21057): Implemented 530 device resources after synthesis - the final resource count might be different
    Info (21058): Implemented 16 input pins
    Info (21059): Implemented 96 output pins
    Info (21061): Implemented 418 logic cells
Info: Quartus Prime Analysis & Synthesis was successful. 0 errors, 36 warnings
    Info: Peak virtual memory: 517 megabytes
    Info: Processing ended: Mon Oct 19 12:07:04 2020
    Info: Elapsed time: 00:00:16
    Info: Total CPU time (on all processors): 00:00:17


