------------------------------------------------------------
Timing Analyzer Summary
------------------------------------------------------------

Type  : Slow 1100mV 85C Model Setup 'clk'
Slack : -5.833
TNS   : -221.647

Type  : Slow 1100mV 85C Model Hold 'clk'
Slack : 0.469
TNS   : 0.000

Type  : Slow 1100mV 85C Model Minimum Pulse Width 'clk'
Slack : -0.538
TNS   : -35.837

Type  : Slow 1100mV 0C Model Setup 'clk'
Slack : -5.984
TNS   : -225.126

Type  : Slow 1100mV 0C Model Hold 'clk'
Slack : 0.502
TNS   : 0.000

Type  : Slow 1100mV 0C Model Minimum Pulse Width 'clk'
Slack : -0.538
TNS   : -36.162

Type  : Fast 1100mV 85C Model Setup 'clk'
Slack : -2.355
TNS   : -85.436

Type  : Fast 1100mV 85C Model Hold 'clk'
Slack : 0.185
TNS   : 0.000

Type  : Fast 1100mV 85C Model Minimum Pulse Width 'clk'
Slack : -0.094
TNS   : -4.101

Type  : Fast 1100mV 0C Model Setup 'clk'
Slack : -2.071
TNS   : -74.983

Type  : Fast 1100mV 0C Model Hold 'clk'
Slack : 0.175
TNS   : 0.000

Type  : Fast 1100mV 0C Model Minimum Pulse Width 'clk'
Slack : -0.095
TNS   : -4.190

------------------------------------------------------------
