------------------------------------------------------------
Timing Analyzer Summary
------------------------------------------------------------

Type  : Slow 1100mV 85C Model Setup 'CLOCK_50'
Slack : -0.864
TNS   : -5.538

Type  : Slow 1100mV 85C Model Hold 'CLOCK_50'
Slack : 0.828
TNS   : 0.000

Type  : Slow 1100mV 85C Model Minimum Pulse Width 'CLOCK_50'
Slack : -0.538
TNS   : -6.148

Type  : Slow 1100mV 0C Model Setup 'CLOCK_50'
Slack : -1.003
TNS   : -6.497

Type  : Slow 1100mV 0C Model Hold 'CLOCK_50'
Slack : 0.885
TNS   : 0.000

Type  : Slow 1100mV 0C Model Minimum Pulse Width 'CLOCK_50'
Slack : -0.538
TNS   : -6.320

Type  : Fast 1100mV 85C Model Setup 'CLOCK_50'
Slack : 0.152
TNS   : 0.000

Type  : Fast 1100mV 85C Model Hold 'CLOCK_50'
Slack : 0.302
TNS   : 0.000

Type  : Fast 1100mV 85C Model Minimum Pulse Width 'CLOCK_50'
Slack : -0.093
TNS   : -0.740

Type  : Fast 1100mV 0C Model Setup 'CLOCK_50'
Slack : 0.170
TNS   : 0.000

Type  : Fast 1100mV 0C Model Hold 'CLOCK_50'
Slack : 0.297
TNS   : 0.000

Type  : Fast 1100mV 0C Model Minimum Pulse Width 'CLOCK_50'
Slack : -0.094
TNS   : -0.744

------------------------------------------------------------
